// Jest Snapshot v1, https://goo.gl/fbAQLP

exports[`Message 镜像测试 渲染Message 1`] = `
.c0 {
  display: -webkit-inline-box;
  display: -webkit-inline-flex;
  display: -ms-inline-flexbox;
  display: inline-flex;
  -webkit-align-items: flex-start;
  -webkit-box-align: flex-start;
  -ms-flex-align: flex-start;
  align-items: flex-start;
  padding: 10px 16px;
  margin: 4px 0;
  background-color: #ffffff;
  box-shadow: 0px 1px 3px 0px rgba(0,0,0,0.2),0px 1px 1px 0px rgba(0,0,0,0.14),0px 2px 1px -1px rgba(0,0,0,0.12);
  border-radius: 4px;
  pointer-events: all;
}

<div
  className="c0"
/>
`;
